##[type_hinted_annotations]##
<?php

namespace App\Factories\Entities;

use Entities\TestEntity;

class TestEntityFactory extends BaseEntityFactory
{
    /**
     * @var array
     */
    protected static $fields = [
        'status',
        'credit_value',
    ];

    /**
     * @param array $data
     * @return TestEntity
     */
    public static function make(array $data = []) : TestEntity
    {
        return self::makeFromData(self::makeData($data));
    }

    /**
     * @param array $data
     * @return TestEntity
     */
    public static function makeFromData(array $data) : TestEntity
    {
        self::validateData($data);
        return self::mapArrayToEntity($data, TestEntity::class);
    }

    /**
     * @param array $data
     * @return array
     */
    public static function makeData(array $data = []) : array
    {
        self::validateData($data);
        return [
            'status' => array_key_exists('status', $data) ?
                $data['status'] : self::randomInt32(),
            'credit_value' => array_key_exists('credit_value', $data) ?
                $data['credit_value'] : self::randomInt16(),
        ];
    }
}

##[type_hinted_no_annotations]##
<?php

namespace App\Factories\Entities;

use Entities\TestEntity;

class TestEntityFactory extends BaseEntityFactory
{
    protected static $fields = [
        'status',
        'credit_value',
    ];

    public static function make(array $data = []) : TestEntity
    {
        return self::makeFromData(self::makeData($data));
    }

    public static function makeFromData(array $data) : TestEntity
    {
        self::validateData($data);
        return self::mapArrayToEntity($data, TestEntity::class);
    }

    public static function makeData(array $data = []) : array
    {
        self::validateData($data);
        return [
            'status' => array_key_exists('status', $data) ?
                $data['status'] : self::randomInt32(),
            'credit_value' => array_key_exists('credit_value', $data) ?
                $data['credit_value'] : self::randomInt16(),
        ];
    }
}

##[not_type_hinted_annotations]##
<?php

namespace App\Factories\Entities;

use Entities\TestEntity;

class TestEntityFactory extends BaseEntityFactory
{
    /**
     * @var array
     */
    protected static $fields = [
        'status',
        'credit_value',
    ];

    /**
     * @param array $data
     * @return TestEntity
     */
    public static function make(array $data = [])
    {
        return self::makeFromData(self::makeData($data));
    }

    /**
     * @param array $data
     * @return TestEntity
     */
    public static function makeFromData(array $data)
    {
        self::validateData($data);
        return self::mapArrayToEntity($data, TestEntity::class);
    }

    /**
     * @param array $data
     * @return array
     */
    public static function makeData(array $data = [])
    {
        self::validateData($data);
        return [
            'status' => array_key_exists('status', $data) ?
                $data['status'] : self::randomInt32(),
            'credit_value' => array_key_exists('credit_value', $data) ?
                $data['credit_value'] : self::randomInt16(),
        ];
    }
}

##[not_type_hinted_no_annotations]##
<?php

namespace App\Factories\Entities;

use Entities\TestEntity;

class TestEntityFactory extends BaseEntityFactory
{
    protected static $fields = [
        'status',
        'credit_value',
    ];

    public static function make(array $data = [])
    {
        return self::makeFromData(self::makeData($data));
    }

    public static function makeFromData(array $data)
    {
        self::validateData($data);
        return self::mapArrayToEntity($data, TestEntity::class);
    }

    public static function makeData(array $data = [])
    {
        self::validateData($data);
        return [
            'status' => array_key_exists('status', $data) ?
                $data['status'] : self::randomInt32(),
            'credit_value' => array_key_exists('credit_value', $data) ?
                $data['credit_value'] : self::randomInt16(),
        ];
    }
}

