##[no_setters_no_getters]##
<?php

namespace MyApp\Entities;

class TestEntity
{
    /**
     * @var float|null
     */
    public $salary;

    /**
     * @var bool
     */
    private $active;

    /**
     * @var string|null
     */
    protected $name;

    /**
     * @var int|null
     */
    private $year;
}

##[with_getters_and_setters]##
<?php

namespace MyApp\Entities;

class TestEntity
{
    /**
     * @var float|null
     */
    public $salary;

    /**
     * @var bool
     */
    private $active;

    /**
     * @var string|null
     */
    protected $name;

    /**
     * @var int|null
     */
    private $year;

    /**
     * @param float|null $salary
     * @return $this
     */
    public function setSalary(?float $salary)
    {
        $this->salary = $salary;
        return $this;
    }

    /**
     * @return float|null
     */
    public function getSalary() : ?float
    {
        return $this->salary;
    }

    /**
     * @param bool $active
     * @return $this
     */
    public function setActive(bool $active)
    {
        $this->active = $active;
        return $this;
    }

    /**
     * @return bool
     */
    public function getActive() : bool
    {
        return $this->active;
    }

    /**
     * @param string|null $name
     * @return $this
     */
    public function setName(?string $name)
    {
        $this->name = $name;
        return $this;
    }

    /**
     * @return string|null
     */
    public function getName() : ?string
    {
        return $this->name;
    }

    /**
     * @param int|null $year
     * @return $this
     */
    public function setYear(?int $year)
    {
        $this->year = $year;
        return $this;
    }

    /**
     * @return int|null
     */
    public function getYear() : ?int
    {
        return $this->year;
    }
}

##[only_getters]##
<?php

namespace MyApp\Entities;

class TestEntity
{
    /**
     * @var float|null
     */
    public $salary;

    /**
     * @var bool
     */
    private $active;

    /**
     * @var string|null
     */
    protected $name;

    /**
     * @var int|null
     */
    private $year;

    /**
     * @return float|null
     */
    public function getSalary() : ?float
    {
        return $this->salary;
    }

    /**
     * @return bool
     */
    public function getActive() : bool
    {
        return $this->active;
    }

    /**
     * @return string|null
     */
    public function getName() : ?string
    {
        return $this->name;
    }

    /**
     * @return int|null
     */
    public function getYear() : ?int
    {
        return $this->year;
    }
}

##[only_setters]##
<?php

namespace MyApp\Entities;

class TestEntity
{
    /**
     * @var float|null
     */
    public $salary;

    /**
     * @var bool
     */
    private $active;

    /**
     * @var string|null
     */
    protected $name;

    /**
     * @var int|null
     */
    private $year;

    /**
     * @param float|null $salary
     * @return $this
     */
    public function setSalary(?float $salary)
    {
        $this->salary = $salary;
        return $this;
    }

    /**
     * @param bool $active
     * @return $this
     */
    public function setActive(bool $active)
    {
        $this->active = $active;
        return $this;
    }

    /**
     * @param string|null $name
     * @return $this
     */
    public function setName(?string $name)
    {
        $this->name = $name;
        return $this;
    }

    /**
     * @param int|null $year
     * @return $this
     */
    public function setYear(?int $year)
    {
        $this->year = $year;
        return $this;
    }
}

