##[void_return_type_type_hinting]##
    /**
     * @param bool|null $test
     * @return void
     */

