##[with_annotation_and_type_hinting_fluent]##
    /**
     * @param int|null $testProperty
     * @return $this
     */
    public function setTestProperty(?int $testProperty)
    {
        $this->testProperty = $testProperty;
        return $this;
    }
##[with_annotation_no_type_hinting_fluent]##
    /**
     * @param int|null $testProperty
     * @return $this
     */
    public function setTestProperty($testProperty)
    {
        $this->testProperty = $testProperty;
        return $this;
    }
##[no_annotation_with_type_hinting_fluent]##
    public function setTestProperty(?int $testProperty)
    {
        $this->testProperty = $testProperty;
        return $this;
    }
##[no_annotation_no_type_hinting_fluent]##
    public function setTestProperty($testProperty)
    {
        $this->testProperty = $testProperty;
        return $this;
    }
##[no_annotation_no_type_hinting_not_fluent]##
    public function setTestProperty($testProperty)
    {
        $this->testProperty = $testProperty;
    }
